// Jest Snapshot v1, https://goo.gl/fbAQLP

exports[`Login Component matches snapshot perfectly 1`] = `
<div
  className="sc-bdvvaa fjwAeu"
  height={768}
>
  <div
    className="sc-egiSv coTDwk"
    data-testid="headerComponent"
  >
    <div
      className="sc-bqiQRQ gfBxLs"
      onClick={[Function]}
    >
      <img
        alt={Object {}}
        src="logo.png"
      />
    </div>
    <div
      className="sc-bqiQRQ idjuKp"
      onClick={[Function]}
    >
      <b>
        Thu, May 13, 2021
      </b>
    </div>
    <div
      className="sc-bqiQRQ cwUtdq"
      onClick={[Function]}
    >
      <b>
        <span
          aria-label="user"
          className="anticon anticon-user"
          role="img"
        >
          <svg
            aria-hidden="true"
            data-icon="user"
            fill="currentColor"
            focusable="false"
            height="1em"
            viewBox="64 64 896 896"
            width="1em"
          >
            <path
              d="M858.5 763.6a374 374 0 00-80.6-119.5 375.63 375.63 0 00-119.5-80.6c-.4-.2-.8-.3-1.2-.5C719.5 518 760 444.7 760 362c0-137-111-248-248-248S264 225 264 362c0 82.7 40.5 156 102.8 201.1-.4.2-.8.3-1.2.5-44.8 18.9-85 46-119.5 80.6a375.63 375.63 0 00-80.6 119.5A371.7 371.7 0 00136 901.8a8 8 0 008 8.2h60c4.4 0 7.9-3.5 8-7.8 2-77.2 33-149.5 87.8-204.3 56.7-56.7 132-87.9 212.2-87.9s155.5 31.2 212.2 87.9C779 752.7 810 825 812 902.2c.1 4.4 3.6 7.8 8 7.8h60a8 8 0 008-8.2c-1-47.8-10.9-94.3-29.5-138.2zM512 534c-45.9 0-89.1-17.9-121.6-50.4S340 407.9 340 362c0-45.9 17.9-89.1 50.4-121.6S466.1 190 512 190s89.1 17.9 121.6 50.4S684 316.1 684 362c0 45.9-17.9 89.1-50.4 121.6S557.9 534 512 534z"
            />
          </svg>
        </span>
         
         null
      </b>
    </div>
  </div>
  <div
    className="sc-gsDJrp iTIzpr"
  >
    <div
      className="sc-dkPtyc vMfYF"
    >
      <div
        className="sc-eCImvq KewmA"
      />
      <div
        className="sc-hKwCoD fFHCMR"
      >
        <div
          className="sc-furvIG frssmD"
        >
          <div
            className="sc-ksdxAp fgsQyf"
          >
            <div
              className="sc-fFehDp exyvYJ"
            >
              <b
                className="sc-hBURRC bZXNwG"
              >
                Questions Attempted
              </b>
              <div
                className="ant-progress ant-progress-circle ant-progress-status-normal ant-progress-default"
              >
                <div
                  className="ant-progress-inner ant-progress-circle-gradient"
                  style={
                    Object {
                      "fontSize": 23.279999999999998,
                      "height": 115.19999999999999,
                      "width": 115.19999999999999,
                    }
                  }
                >
                  <svg
                    className="ant-progress-circle"
                    style={Object {}}
                    viewBox="0 0 100 100"
                  >
                    <defs>
                      <linearGradient
                        id="ant-progress-gradient-11"
                        x1="100%"
                        x2="0%"
                        y1="0%"
                        y2="0%"
                      >
                        <stop
                          offset="0%"
                          stopColor="#108ee9"
                        />
                        <stop
                          offset="100%"
                          stopColor="#87d068"
                        />
                      </linearGradient>
                    </defs>
                    <path
                      className="ant-progress-circle-trail"
                      d="M 50,50 m 0,-47
   a 47,47 0 1 1 0,94
   a 47,47 0 1 1 0,-94"
                      fillOpacity="0"
                      stroke={null}
                      strokeLinecap="round"
                      strokeWidth={6}
                      style={
                        Object {
                          "stroke": null,
                          "strokeDasharray": "295.3097094374406px 295.3097094374406px",
                          "strokeDashoffset": "-0px",
                          "transition": "stroke-dashoffset .3s ease 0s, stroke-dasharray .3s ease 0s, stroke .3s, stroke-width .06s ease .3s, opacity .3s ease 0s",
                        }
                      }
                    />
                    <path
                      className="ant-progress-circle-path"
                      d="M 50,50 m 0,-47
   a 47,47 0 1 1 0,94
   a 47,47 0 1 1 0,-94"
                      fillOpacity="0"
                      opacity={0}
                      stroke="url(#ant-progress-gradient-11)"
                      strokeLinecap="round"
                      strokeWidth={6}
                      style={
                        Object {
                          "stroke": Object {
                            "0%": "#108ee9",
                            "100%": "#87d068",
                          },
                          "strokeDasharray": "0px 295.3097094374406px",
                          "strokeDashoffset": "-0px",
                          "transition": "stroke-dashoffset .3s ease 0s, stroke-dasharray .3s ease 0s, stroke .3s, stroke-width .06s ease .3s, opacity .3s ease 0s",
                        }
                      }
                    />
                  </svg>
                </div>
              </div>
              <b
                className="sc-fotPbf jeJztL"
              >
                0/0
              </b>
            </div>
          </div>
          <div
            className="sc-ksdxAp fgsQyf"
          >
            <div
              className="sc-fFehDp exyvYJ"
            >
              <b
                className="sc-hBURRC bZXNwG"
              >
                Time Left
              </b>
              <div
                className="ant-progress ant-progress-circle ant-progress-status-success ant-progress-default"
              >
                <div
                  className="ant-progress-inner ant-progress-circle-gradient"
                  style={
                    Object {
                      "fontSize": 23.279999999999998,
                      "height": 115.19999999999999,
                      "width": 115.19999999999999,
                    }
                  }
                >
                  <svg
                    className="ant-progress-circle"
                    style={Object {}}
                    viewBox="0 0 100 100"
                  >
                    <defs>
                      <linearGradient
                        id="ant-progress-gradient-12"
                        x1="100%"
                        x2="0%"
                        y1="0%"
                        y2="0%"
                      >
                        <stop
                          offset="0%"
                          stopColor="#108ee9"
                        />
                        <stop
                          offset="100%"
                          stopColor="#87d068"
                        />
                      </linearGradient>
                    </defs>
                    <path
                      className="ant-progress-circle-trail"
                      d="M 50,50 m 0,-47
   a 47,47 0 1 1 0,94
   a 47,47 0 1 1 0,-94"
                      fillOpacity="0"
                      stroke={null}
                      strokeLinecap="round"
                      strokeWidth={6}
                      style={
                        Object {
                          "stroke": null,
                          "strokeDasharray": "295.3097094374406px 295.3097094374406px",
                          "strokeDashoffset": "-0px",
                          "transition": "stroke-dashoffset .3s ease 0s, stroke-dasharray .3s ease 0s, stroke .3s, stroke-width .06s ease .3s, opacity .3s ease 0s",
                        }
                      }
                    />
                    <path
                      className="ant-progress-circle-path"
                      d="M 50,50 m 0,-47
   a 47,47 0 1 1 0,94
   a 47,47 0 1 1 0,-94"
                      fillOpacity="0"
                      opacity={1}
                      stroke="url(#ant-progress-gradient-12)"
                      strokeLinecap="round"
                      strokeWidth={6}
                      style={
                        Object {
                          "stroke": Object {
                            "0%": "#108ee9",
                            "100%": "#87d068",
                          },
                          "strokeDasharray": "295.3097094374406px 295.3097094374406px",
                          "strokeDashoffset": "-0px",
                          "transition": "stroke-dashoffset .3s ease 0s, stroke-dasharray .3s ease 0s, stroke .3s, stroke-width .06s ease .3s, opacity .3s ease 0s",
                        }
                      }
                    />
                  </svg>
                </div>
              </div>
              <b
                className="sc-fotPbf jeJztL"
              >
                01:54
              </b>
            </div>
          </div>
        </div>
        <div
          className="sc-pVTma fVBZJG"
        >
          <div
            className="ant-carousel"
          >
            <div
              className="slick-slider sc-kDThTU dHnoAo slick-initialized"
            >
              
              <div
                className="slick-list"
              >
                <div
                  className="slick-track"
                  onMouseEnter={[Function]}
                  onMouseLeave={[Function]}
                  onMouseOver={[Function]}
                  style={
                    Object {
                      "opacity": 1,
                    }
                  }
                />
              </div>
              
              
            </div>
          </div>
          <div
            className="sc-iqsfdx cEOmMR"
          >
            <button
              className="sc-jrQzUz kqiGCa"
              disabled={true}
              onClick={[Function]}
            >
              <b>
                Previous
              </b>
            </button>
            <button
              className="sc-jrQzUz jjrVVn"
              onClick={[Function]}
            >
              <b>
                Next
              </b>
            </button>
          </div>
          <div
            className="sc-crHlIS gyuMRu"
          >
            <button
              className="sc-jrQzUz dGLqnk"
              onClick={[Function]}
              onKeyDown={[Function]}
              onMouseDown={[Function]}
              onTouchStart={[Function]}
            >
              <b>
                Submit
              </b>
            </button>
          </div>
        </div>
      </div>
    </div>
  </div>
</div>
`;
